
> uhq-frontend@0.1.0 build
> next build

node.exe :  ΓÜá Warning: Next.js inferred your workspace 
root, but it may not be correct.
At line:1 char:1
+ & "C:\Program Files\nodejs/node.exe" "C:\Program 
Files\nodejs/node_mo ...
+ ~~~~~~~~~~~~~~~~~~~~~~~~~~~~~~~~~~~~~~~~~~~~~~~~~~~~~~~~~~
~~~~~~~~~~~
    + CategoryInfo          : NotSpecified: ( ΓÜá Warning:  
   N...not be correct.:String) [], RemoteException
    + FullyQualifiedErrorId : NativeCommandError
 
 We detected multiple lockfiles and selected the directory 
of E:\Alpha Hive Ai\Uhqaccounts\package-lock.json as the 
root directory.
 To silence this warning, set `outputFileTracingRoot` in 
your Next.js config, or consider removing one of the 
lockfiles if it's not needed.
   See https://nextjs.org/docs/app/api-reference/config/next
-config-js/output#caveats for more information.
 Detected additional lockfiles: 
   * E:\Alpha Hive Ai\Uhqaccounts\frontend\package-lock.json

   Γû▓ Next.js 15.5.10
   - Environments: .env.local
   - Experiments (use with caution):
     Γ£ô optimizeCss
     ┬╖ serverActions
     ┬╖ optimizePackageImports

   Creating an optimized production build ...
 Γ£ô Compiled successfully in 54s
   Skipping linting
   Checking validity of types ...
