
> uhq-frontend@0.1.0 build
> next build

node.exe :  ΓÜá Warning: Next.js inferred your workspace 
root, but it may not be correct.
At line:1 char:1
+ & "C:\Program Files\nodejs/node.exe" "C:\Program 
Files\nodejs/node_mo ...
+ ~~~~~~~~~~~~~~~~~~~~~~~~~~~~~~~~~~~~~~~~~~~~~~~~~~~~~~~~~~
~~~~~~~~~~~
    + CategoryInfo          : NotSpecified: ( ΓÜá Warning:  
   N...not be correct.:String) [], RemoteException
    + FullyQualifiedErrorId : NativeCommandError
 
 We detected multiple lockfiles and selected the directory 
of E:\Alpha Hive Ai\Uhqaccounts\package-lock.json as the 
root directory.
 To silence this warning, set `outputFileTracingRoot` in 
your Next.js config, or consider removing one of the 
lockfiles if it's not needed.
   See https://nextjs.org/docs/app/api-reference/config/next
-config-js/output#caveats for more information.
 Detected additional lockfiles: 
   * E:\Alpha Hive Ai\Uhqaccounts\frontend\package-lock.json

   Γû▓ Next.js 15.5.10
   - Environments: .env.local
   - Experiments (use with caution):
     Γ£ô optimizeCss
     ┬╖ serverActions
     ┬╖ optimizePackageImports

   Creating an optimized production build ...
Failed to compile.

./src/app/(front)/user/purchased-items/page.tsx
Error:   [31mx[0m Expected '</', got '{'
     ,-[[36;1;4mE:\Alpha Hive Ai\Uhqaccounts\frontend\src\a
pp\(front)\user\purchased-items\page.tsx[0m:457:1]
 [2m454[0m |                 </TableCell>
 [2m455[0m |               </TableRow>
 [2m456[0m | 
 [2m457[0m |               {order.product?.platform === 
'TELEGRAM' && order.product?.type === 'ACCOUNT' && 
order.deliveryStatus === 'DELIVERED' ? (
     : [35;1m              ^[0m
 [2m458[0m |                   <TableRow 
className='bg-background/50'>
 [2m459[0m |                     <TableCell colSpan={10} 
className='p-0'>
 [2m459[0m |                       <div className='p-4'>
     `----

Caused by:
    Syntax Error

Import trace for requested module:
./src/app/(front)/user/purchased-items/page.tsx


> Build failed because of webpack errors
